0 verbose cli /Users/mac/.nvm/versions/node/v20.20.0/bin/node /Users/mac/.nvm/versions/node/v20.20.0/bin/npm
1 info using npm@10.8.2
2 info using node@v20.20.0
3 silly config load:file:/Users/mac/.nvm/versions/node/v20.20.0/lib/node_modules/npm/npmrc
4 silly config load:file:/Users/mac/Cursor/AI/Tools/Research/Kiem-tra-dao-van/backend/.npmrc
5 silly config load:file:/Users/mac/.npmrc
6 silly config load:file:/Users/mac/.nvm/versions/node/v20.20.0/etc/npmrc
7 verbose title npm install
8 verbose argv "install" "--cache" "../.npm-cache-local"
9 verbose logfile logs-max:10 dir:/Users/mac/Cursor/AI/Tools/Research/Kiem-tra-dao-van/.npm-cache-local/_logs/2026-03-29T16_56_50_159Z-
10 verbose logfile /Users/mac/Cursor/AI/Tools/Research/Kiem-tra-dao-van/.npm-cache-local/_logs/2026-03-29T16_56_50_159Z-debug-0.log
11 silly packumentCache heap:4345298944 maxSize:1086324736 maxEntrySize:543162368
12 silly logfile done cleaning log files
13 silly idealTree buildDeps
14 silly fetch manifest express@^4.21.0
15 silly packumentCache full:https://registry.npmjs.org/express cache-miss
16 http fetch GET 200 https://registry.npmjs.org/express 237ms (cache miss)
17 silly packumentCache full:https://registry.npmjs.org/express set size:undefined disposed:false
18 silly placeDep ROOT express@4.22.1 OK for: @ai-portal/kiem-tra-dao-van-backend@1.0.0 want: ^4.21.0
19 silly fetch manifest qs@~6.14.0
20 silly packumentCache full:https://registry.npmjs.org/qs cache-miss
21 silly fetch manifest depd@2.0.0
22 silly packumentCache full:https://registry.npmjs.org/depd cache-miss
23 silly fetch manifest etag@~1.8.1
24 silly packumentCache full:https://registry.npmjs.org/etag cache-miss
25 silly fetch manifest send@~0.19.0
26 silly packumentCache full:https://registry.npmjs.org/send cache-miss
27 silly fetch manifest vary@~1.1.2
28 silly packumentCache full:https://registry.npmjs.org/vary cache-miss
29 silly fetch manifest debug@2.6.9
30 silly packumentCache full:https://registry.npmjs.org/debug cache-miss
31 silly fetch manifest fresh@~0.5.2
32 silly packumentCache full:https://registry.npmjs.org/fresh cache-miss
33 silly fetch manifest cookie@~0.7.1
34 silly packumentCache full:https://registry.npmjs.org/cookie cache-miss
35 silly fetch manifest accepts@~1.3.8
36 silly packumentCache full:https://registry.npmjs.org/accepts cache-miss
37 http fetch GET 200 https://registry.npmjs.org/qs 75ms (cache miss)
38 silly packumentCache full:https://registry.npmjs.org/qs set size:undefined disposed:false
39 silly fetch manifest methods@~1.1.2
40 silly packumentCache full:https://registry.npmjs.org/methods cache-miss
41 http fetch GET 200 https://registry.npmjs.org/send 158ms (cache miss)
42 silly packumentCache full:https://registry.npmjs.org/send set size:undefined disposed:false
43 silly fetch manifest type-is@~1.6.18
44 silly packumentCache full:https://registry.npmjs.org/type-is cache-miss
45 http fetch GET 200 https://registry.npmjs.org/debug 166ms (cache miss)
46 silly packumentCache full:https://registry.npmjs.org/debug set size:undefined disposed:false
47 silly fetch manifest parseurl@~1.3.3
48 silly packumentCache full:https://registry.npmjs.org/parseurl cache-miss
49 http fetch GET 200 https://registry.npmjs.org/fresh 179ms (cache miss)
50 silly packumentCache full:https://registry.npmjs.org/fresh set size:undefined disposed:false
51 silly fetch manifest statuses@~2.0.1
52 silly packumentCache full:https://registry.npmjs.org/statuses cache-miss
53 http fetch GET 200 https://registry.npmjs.org/depd 191ms (cache miss)
54 silly packumentCache full:https://registry.npmjs.org/depd set size:undefined disposed:false
55 silly fetch manifest encodeurl@~2.0.0
56 silly packumentCache full:https://registry.npmjs.org/encodeurl cache-miss
57 http fetch GET 200 https://registry.npmjs.org/methods 118ms (cache miss)
58 silly packumentCache full:https://registry.npmjs.org/methods set size:undefined disposed:false
59 silly fetch manifest proxy-addr@~2.0.7
60 silly packumentCache full:https://registry.npmjs.org/proxy-addr cache-miss
61 http fetch GET 200 https://registry.npmjs.org/cookie 196ms (cache miss)
62 silly packumentCache full:https://registry.npmjs.org/cookie set size:undefined disposed:false
63 silly fetch manifest body-parser@~1.20.3
64 silly packumentCache full:https://registry.npmjs.org/body-parser cache-miss
65 http fetch GET 200 https://registry.npmjs.org/etag 200ms (cache miss)
66 silly packumentCache full:https://registry.npmjs.org/etag set size:undefined disposed:false
67 silly fetch manifest escape-html@~1.0.3
68 silly packumentCache full:https://registry.npmjs.org/escape-html cache-miss
69 http fetch GET 200 https://registry.npmjs.org/accepts 199ms (cache miss)
70 silly packumentCache full:https://registry.npmjs.org/accepts set size:undefined disposed:false
71 silly fetch manifest http-errors@~2.0.0
72 silly packumentCache full:https://registry.npmjs.org/http-errors cache-miss
73 http fetch GET 200 https://registry.npmjs.org/vary 203ms (cache miss)
74 silly packumentCache full:https://registry.npmjs.org/vary set size:undefined disposed:false
75 silly fetch manifest on-finished@~2.4.1
76 silly packumentCache full:https://registry.npmjs.org/on-finished cache-miss
77 http fetch GET 200 https://registry.npmjs.org/parseurl 47ms (cache miss)
78 silly packumentCache full:https://registry.npmjs.org/parseurl set size:undefined disposed:false
79 silly fetch manifest safe-buffer@5.2.1
80 silly packumentCache full:https://registry.npmjs.org/safe-buffer cache-miss
81 http fetch GET 200 https://registry.npmjs.org/type-is 60ms (cache miss)
82 silly packumentCache full:https://registry.npmjs.org/type-is set size:undefined disposed:false
83 silly fetch manifest utils-merge@1.0.1
84 silly packumentCache full:https://registry.npmjs.org/utils-merge cache-miss
85 http fetch GET 200 https://registry.npmjs.org/safe-buffer 58ms (cache miss)
86 silly packumentCache full:https://registry.npmjs.org/safe-buffer set size:undefined disposed:false
87 silly fetch manifest content-type@~1.0.4
88 silly packumentCache full:https://registry.npmjs.org/content-type cache-miss
89 http fetch GET 200 https://registry.npmjs.org/encodeurl 89ms (cache miss)
90 silly packumentCache full:https://registry.npmjs.org/encodeurl set size:undefined disposed:false
91 silly fetch manifest finalhandler@~1.3.1
92 silly packumentCache full:https://registry.npmjs.org/finalhandler cache-miss
93 http fetch GET 200 https://registry.npmjs.org/utils-merge 59ms (cache miss)
94 silly packumentCache full:https://registry.npmjs.org/utils-merge set size:undefined disposed:false
95 silly fetch manifest range-parser@~1.2.1
96 silly packumentCache full:https://registry.npmjs.org/range-parser cache-miss
97 http fetch GET 200 https://registry.npmjs.org/escape-html 84ms (cache miss)
98 silly packumentCache full:https://registry.npmjs.org/escape-html set size:undefined disposed:false
99 silly fetch manifest serve-static@~1.16.2
100 silly packumentCache full:https://registry.npmjs.org/serve-static cache-miss
101 http fetch GET 200 https://registry.npmjs.org/on-finished 80ms (cache miss)
102 silly packumentCache full:https://registry.npmjs.org/on-finished set size:undefined disposed:false
103 silly fetch manifest array-flatten@1.1.1
104 silly packumentCache full:https://registry.npmjs.org/array-flatten cache-miss
105 http fetch GET 200 https://registry.npmjs.org/statuses 105ms (cache miss)
106 silly packumentCache full:https://registry.npmjs.org/statuses set size:undefined disposed:false
107 silly fetch manifest path-to-regexp@~0.1.12
108 silly packumentCache full:https://registry.npmjs.org/path-to-regexp cache-miss
109 http fetch GET 200 https://registry.npmjs.org/proxy-addr 92ms (cache miss)
110 silly packumentCache full:https://registry.npmjs.org/proxy-addr set size:undefined disposed:false
111 silly fetch manifest setprototypeof@1.2.0
112 silly packumentCache full:https://registry.npmjs.org/setprototypeof cache-miss
113 http fetch GET 200 https://registry.npmjs.org/http-errors 90ms (cache miss)
114 silly packumentCache full:https://registry.npmjs.org/http-errors set size:undefined disposed:false
115 silly fetch manifest cookie-signature@~1.0.6
116 silly packumentCache full:https://registry.npmjs.org/cookie-signature cache-miss
117 http fetch GET 200 https://registry.npmjs.org/body-parser 100ms (cache miss)
118 silly packumentCache full:https://registry.npmjs.org/body-parser set size:undefined disposed:false
119 silly fetch manifest merge-descriptors@1.0.3
120 silly packumentCache full:https://registry.npmjs.org/merge-descriptors cache-miss
121 http fetch GET 200 https://registry.npmjs.org/content-type 49ms (cache miss)
122 silly packumentCache full:https://registry.npmjs.org/content-type set size:undefined disposed:false
123 silly fetch manifest content-disposition@~0.5.4
124 silly packumentCache full:https://registry.npmjs.org/content-disposition cache-miss
125 http fetch GET 200 https://registry.npmjs.org/range-parser 48ms (cache miss)
126 silly packumentCache full:https://registry.npmjs.org/range-parser set size:undefined disposed:false
127 http fetch GET 200 https://registry.npmjs.org/finalhandler 75ms (cache miss)
128 silly packumentCache full:https://registry.npmjs.org/finalhandler set size:undefined disposed:false
129 http fetch GET 200 https://registry.npmjs.org/cookie-signature 64ms (cache miss)
130 silly packumentCache full:https://registry.npmjs.org/cookie-signature set size:undefined disposed:false
131 http fetch GET 200 https://registry.npmjs.org/array-flatten 73ms (cache miss)
132 silly packumentCache full:https://registry.npmjs.org/array-flatten set size:undefined disposed:false
133 http fetch GET 200 https://registry.npmjs.org/merge-descriptors 57ms (cache miss)
134 silly packumentCache full:https://registry.npmjs.org/merge-descriptors set size:undefined disposed:false
135 http fetch GET 200 https://registry.npmjs.org/setprototypeof 73ms (cache miss)
136 silly packumentCache full:https://registry.npmjs.org/setprototypeof set size:undefined disposed:false
137 http fetch GET 200 https://registry.npmjs.org/serve-static 81ms (cache miss)
138 silly packumentCache full:https://registry.npmjs.org/serve-static set size:undefined disposed:false
139 http fetch GET 200 https://registry.npmjs.org/path-to-regexp 82ms (cache miss)
140 silly packumentCache full:https://registry.npmjs.org/path-to-regexp set size:undefined disposed:false
141 http fetch GET 200 https://registry.npmjs.org/content-disposition 48ms (cache miss)
142 silly packumentCache full:https://registry.npmjs.org/content-disposition set size:undefined disposed:false
143 silly placeDep ROOT accepts@1.3.8 OK for: express@4.22.1 want: ~1.3.8
144 silly placeDep ROOT array-flatten@1.1.1 OK for: express@4.22.1 want: 1.1.1
145 silly placeDep ROOT body-parser@1.20.4 OK for: express@4.22.1 want: ~1.20.3
146 silly placeDep ROOT content-disposition@0.5.4 OK for: express@4.22.1 want: ~0.5.4
147 silly placeDep ROOT content-type@1.0.5 OK for: express@4.22.1 want: ~1.0.4
148 silly placeDep ROOT cookie@0.7.2 OK for: express@4.22.1 want: ~0.7.1
149 silly placeDep ROOT cookie-signature@1.0.7 OK for: express@4.22.1 want: ~1.0.6
150 silly placeDep ROOT debug@2.6.9 OK for: express@4.22.1 want: 2.6.9
151 silly placeDep ROOT depd@2.0.0 OK for: express@4.22.1 want: 2.0.0
152 silly placeDep ROOT encodeurl@2.0.0 OK for: express@4.22.1 want: ~2.0.0
153 silly placeDep ROOT escape-html@1.0.3 OK for: express@4.22.1 want: ~1.0.3
154 silly placeDep ROOT etag@1.8.1 OK for: express@4.22.1 want: ~1.8.1
155 silly placeDep ROOT finalhandler@1.3.2 OK for: express@4.22.1 want: ~1.3.1
156 silly placeDep ROOT fresh@0.5.2 OK for: express@4.22.1 want: ~0.5.2
157 silly placeDep ROOT http-errors@2.0.1 OK for: express@4.22.1 want: ~2.0.0
158 silly placeDep ROOT merge-descriptors@1.0.3 OK for: express@4.22.1 want: 1.0.3
159 silly placeDep ROOT methods@1.1.2 OK for: express@4.22.1 want: ~1.1.2
160 silly placeDep ROOT on-finished@2.4.1 OK for: express@4.22.1 want: ~2.4.1
161 silly placeDep ROOT parseurl@1.3.3 OK for: express@4.22.1 want: ~1.3.3
162 silly placeDep ROOT path-to-regexp@0.1.13 OK for: express@4.22.1 want: ~0.1.12
163 silly placeDep ROOT proxy-addr@2.0.7 OK for: express@4.22.1 want: ~2.0.7
164 silly placeDep ROOT qs@6.14.2 OK for: express@4.22.1 want: ~6.14.0
165 silly placeDep ROOT range-parser@1.2.1 OK for: express@4.22.1 want: ~1.2.1
166 silly placeDep ROOT safe-buffer@5.2.1 OK for: express@4.22.1 want: 5.2.1
167 silly placeDep ROOT send@0.19.2 OK for: express@4.22.1 want: ~0.19.0
168 silly placeDep ROOT serve-static@1.16.3 OK for: express@4.22.1 want: ~1.16.2
169 silly placeDep ROOT setprototypeof@1.2.0 OK for: express@4.22.1 want: 1.2.0
170 silly placeDep ROOT statuses@2.0.2 OK for: express@4.22.1 want: ~2.0.1
171 silly placeDep ROOT type-is@1.6.18 OK for: express@4.22.1 want: ~1.6.18
172 silly placeDep ROOT utils-merge@1.0.1 OK for: express@4.22.1 want: 1.0.1
173 silly placeDep ROOT vary@1.1.2 OK for: express@4.22.1 want: ~1.1.2
174 silly fetch manifest mime-types@~2.1.34
175 silly packumentCache full:https://registry.npmjs.org/mime-types cache-miss
176 silly fetch manifest negotiator@0.6.3
177 silly packumentCache full:https://registry.npmjs.org/negotiator cache-miss
178 silly fetch manifest bytes@~3.1.2
179 silly packumentCache full:https://registry.npmjs.org/bytes cache-miss
180 silly fetch manifest unpipe@~1.0.0
181 silly packumentCache full:https://registry.npmjs.org/unpipe cache-miss
182 silly fetch manifest destroy@~1.2.0
183 silly packumentCache full:https://registry.npmjs.org/destroy cache-miss
184 silly fetch manifest raw-body@~2.5.3
185 silly packumentCache full:https://registry.npmjs.org/raw-body cache-miss
186 silly fetch manifest iconv-lite@~0.4.24
187 silly packumentCache full:https://registry.npmjs.org/iconv-lite cache-miss
188 silly fetch manifest http-errors@~2.0.1
189 silly packumentCache full:https://registry.npmjs.org/http-errors cache-miss
190 silly fetch manifest content-type@~1.0.5
191 silly packumentCache full:https://registry.npmjs.org/content-type cache-miss
192 http fetch GET 200 https://registry.npmjs.org/http-errors 13ms (cache hit)
193 silly packumentCache full:https://registry.npmjs.org/http-errors set size:71987 disposed:false
194 silly fetch manifest ms@2.0.0
195 silly packumentCache full:https://registry.npmjs.org/ms cache-miss
196 http fetch GET 200 https://registry.npmjs.org/content-type 17ms (cache hit)
197 silly packumentCache full:https://registry.npmjs.org/content-type set size:17311 disposed:false
198 silly fetch manifest unpipe@~1.0.0
199 silly packumentCache full:https://registry.npmjs.org/unpipe cache-miss
200 http fetch GET 200 https://registry.npmjs.org/bytes 52ms (cache miss)
201 silly packumentCache full:https://registry.npmjs.org/bytes set size:undefined disposed:false
202 silly fetch manifest statuses@~2.0.2
203 silly packumentCache full:https://registry.npmjs.org/statuses cache-miss
204 http fetch GET 200 https://registry.npmjs.org/statuses 12ms (cache hit)
205 silly packumentCache full:https://registry.npmjs.org/statuses set size:37117 disposed:false
206 silly fetch manifest inherits@~2.0.4
207 silly packumentCache full:https://registry.npmjs.org/inherits cache-miss
208 http fetch GET 200 https://registry.npmjs.org/unpipe 68ms (cache miss)
209 silly packumentCache full:https://registry.npmjs.org/unpipe set size:undefined disposed:false
210 silly fetch manifest setprototypeof@~1.2.0
211 silly packumentCache full:https://registry.npmjs.org/setprototypeof cache-miss
212 http fetch GET 200 https://registry.npmjs.org/mime-types 75ms (cache miss)
213 silly packumentCache full:https://registry.npmjs.org/mime-types set size:undefined disposed:false
214 silly fetch manifest toidentifier@~1.0.1
215 silly packumentCache full:https://registry.npmjs.org/toidentifier cache-miss
216 http fetch GET 200 https://registry.npmjs.org/raw-body 77ms (cache miss)
217 silly packumentCache full:https://registry.npmjs.org/raw-body set size:undefined disposed:false
218 silly fetch manifest ee-first@1.1.1
219 silly packumentCache full:https://registry.npmjs.org/ee-first cache-miss
220 http fetch GET 200 https://registry.npmjs.org/unpipe 61ms (cache miss)
221 silly packumentCache full:https://registry.npmjs.org/unpipe set size:undefined disposed:false
222 silly fetch manifest forwarded@0.2.0
223 silly packumentCache full:https://registry.npmjs.org/forwarded cache-miss
224 http fetch GET 200 https://registry.npmjs.org/destroy 85ms (cache miss)
225 silly packumentCache full:https://registry.npmjs.org/destroy set size:undefined disposed:false
226 silly fetch manifest ipaddr.js@1.9.1
227 silly packumentCache full:https://registry.npmjs.org/ipaddr.js cache-miss
228 http fetch GET 200 https://registry.npmjs.org/setprototypeof 18ms (cache hit)
229 silly packumentCache full:https://registry.npmjs.org/setprototypeof set size:14532 disposed:false
230 silly fetch manifest side-channel@^1.1.0
231 silly packumentCache full:https://registry.npmjs.org/side-channel cache-miss
232 http fetch GET 200 https://registry.npmjs.org/negotiator 91ms (cache miss)
233 silly packumentCache full:https://registry.npmjs.org/negotiator set size:undefined disposed:false
234 silly fetch manifest ms@2.1.3
235 silly packumentCache full:https://registry.npmjs.org/ms cache-miss
236 http fetch GET 200 https://registry.npmjs.org/ms 77ms (cache miss)
237 silly packumentCache full:https://registry.npmjs.org/ms set size:undefined disposed:false
238 silly fetch manifest mime@1.6.0
239 silly packumentCache full:https://registry.npmjs.org/mime cache-miss
240 http fetch GET 200 https://registry.npmjs.org/iconv-lite 97ms (cache miss)
241 silly packumentCache full:https://registry.npmjs.org/iconv-lite set size:undefined disposed:false
242 silly fetch manifest destroy@1.2.0
243 silly packumentCache full:https://registry.npmjs.org/destroy cache-miss
244 http fetch GET 200 https://registry.npmjs.org/destroy 2ms (cache hit)
245 silly packumentCache full:https://registry.npmjs.org/destroy set size:15738 disposed:false
246 silly fetch manifest mime-types@~2.1.24
247 silly packumentCache full:https://registry.npmjs.org/mime-types cache-miss
248 http fetch GET 200 https://registry.npmjs.org/mime-types 1ms (cache hit)
249 silly packumentCache full:https://registry.npmjs.org/mime-types set size:139110 disposed:false
250 silly fetch manifest media-typer@0.3.0
251 silly packumentCache full:https://registry.npmjs.org/media-typer cache-miss
252 http fetch GET 200 https://registry.npmjs.org/inherits 48ms (cache miss)
253 silly packumentCache full:https://registry.npmjs.org/inherits set size:undefined disposed:false
254 http fetch GET 200 https://registry.npmjs.org/toidentifier 50ms (cache miss)
255 silly packumentCache full:https://registry.npmjs.org/toidentifier set size:undefined disposed:false
256 http fetch GET 200 https://registry.npmjs.org/ee-first 48ms (cache miss)
257 silly packumentCache full:https://registry.npmjs.org/ee-first set size:undefined disposed:false
258 http fetch GET 200 https://registry.npmjs.org/forwarded 48ms (cache miss)
259 silly packumentCache full:https://registry.npmjs.org/forwarded set size:undefined disposed:false
260 http fetch GET 200 https://registry.npmjs.org/ms 50ms (cache miss)
261 silly packumentCache full:https://registry.npmjs.org/ms set size:undefined disposed:false
262 http fetch GET 200 https://registry.npmjs.org/ipaddr.js 58ms (cache miss)
263 silly packumentCache full:https://registry.npmjs.org/ipaddr.js set size:undefined disposed:false
264 http fetch GET 200 https://registry.npmjs.org/side-channel 56ms (cache miss)
265 silly packumentCache full:https://registry.npmjs.org/side-channel set size:undefined disposed:false
266 http fetch GET 200 https://registry.npmjs.org/mime 63ms (cache miss)
267 silly packumentCache full:https://registry.npmjs.org/mime set size:undefined disposed:false
268 http fetch GET 200 https://registry.npmjs.org/media-typer 60ms (cache miss)
269 silly packumentCache full:https://registry.npmjs.org/media-typer set size:undefined disposed:false
270 silly placeDep ROOT mime-types@2.1.35 OK for: accepts@1.3.8 want: ~2.1.34
271 silly placeDep ROOT negotiator@0.6.3 OK for: accepts@1.3.8 want: 0.6.3
272 silly fetch manifest mime-db@1.52.0
273 silly packumentCache full:https://registry.npmjs.org/mime-db cache-miss
274 http fetch GET 200 https://registry.npmjs.org/mime-db 50ms (cache miss)
275 silly packumentCache full:https://registry.npmjs.org/mime-db set size:undefined disposed:false
276 silly placeDep ROOT bytes@3.1.2 OK for: body-parser@1.20.4 want: ~3.1.2
277 silly placeDep ROOT destroy@1.2.0 OK for: body-parser@1.20.4 want: ~1.2.0
278 silly placeDep ROOT iconv-lite@0.4.24 OK for: body-parser@1.20.4 want: ~0.4.24
279 silly placeDep ROOT raw-body@2.5.3 OK for: body-parser@1.20.4 want: ~2.5.3
280 silly placeDep ROOT unpipe@1.0.0 OK for: body-parser@1.20.4 want: ~1.0.0
281 silly fetch manifest safer-buffer@>= 2.1.2 < 3
282 silly packumentCache full:https://registry.npmjs.org/safer-buffer cache-miss
283 http fetch GET 200 https://registry.npmjs.org/safer-buffer 57ms (cache miss)
284 silly packumentCache full:https://registry.npmjs.org/safer-buffer set size:undefined disposed:false
285 silly placeDep ROOT ms@2.0.0 OK for: debug@2.6.9 want: 2.0.0
286 silly placeDep ROOT inherits@2.0.4 OK for: http-errors@2.0.1 want: ~2.0.4
287 silly placeDep ROOT toidentifier@1.0.1 OK for: http-errors@2.0.1 want: ~1.0.1
288 silly placeDep ROOT safer-buffer@2.1.2 OK for: iconv-lite@0.4.24 want: >= 2.1.2 < 3
289 silly placeDep ROOT mime-db@1.52.0 OK for: mime-types@2.1.35 want: 1.52.0
290 silly placeDep ROOT ee-first@1.1.1 OK for: on-finished@2.4.1 want: 1.1.1
291 silly placeDep ROOT forwarded@0.2.0 OK for: proxy-addr@2.0.7 want: 0.2.0
292 silly placeDep ROOT ipaddr.js@1.9.1 OK for: proxy-addr@2.0.7 want: 1.9.1
293 silly placeDep ROOT side-channel@1.1.0 OK for: qs@6.14.2 want: ^1.1.0
294 silly fetch manifest es-errors@^1.3.0
295 silly packumentCache full:https://registry.npmjs.org/es-errors cache-miss
296 silly fetch manifest object-inspect@^1.13.3
297 silly packumentCache full:https://registry.npmjs.org/object-inspect cache-miss
298 silly fetch manifest side-channel-list@^1.0.0
299 silly packumentCache full:https://registry.npmjs.org/side-channel-list cache-miss
300 silly fetch manifest side-channel-map@^1.0.1
301 silly packumentCache full:https://registry.npmjs.org/side-channel-map cache-miss
302 silly fetch manifest side-channel-weakmap@^1.0.2
303 silly packumentCache full:https://registry.npmjs.org/side-channel-weakmap cache-miss
304 http fetch GET 200 https://registry.npmjs.org/side-channel-weakmap 50ms (cache miss)
305 silly packumentCache full:https://registry.npmjs.org/side-channel-weakmap set size:undefined disposed:false
306 http fetch GET 200 https://registry.npmjs.org/es-errors 51ms (cache miss)
307 silly packumentCache full:https://registry.npmjs.org/es-errors set size:undefined disposed:false
308 http fetch GET 200 https://registry.npmjs.org/object-inspect 52ms (cache miss)
309 silly packumentCache full:https://registry.npmjs.org/object-inspect set size:undefined disposed:false
310 http fetch GET 200 https://registry.npmjs.org/side-channel-list 53ms (cache miss)
311 silly packumentCache full:https://registry.npmjs.org/side-channel-list set size:undefined disposed:false
312 http fetch GET 200 https://registry.npmjs.org/side-channel-map 56ms (cache miss)
313 silly packumentCache full:https://registry.npmjs.org/side-channel-map set size:undefined disposed:false
314 silly placeDep ROOT mime@1.6.0 OK for: send@0.19.2 want: 1.6.0
315 silly placeDep node_modules/send ms@2.1.3 OK for: send@0.19.2 want: 2.1.3
316 silly placeDep ROOT es-errors@1.3.0 OK for: side-channel@1.1.0 want: ^1.3.0
317 silly placeDep ROOT object-inspect@1.13.4 OK for: side-channel@1.1.0 want: ^1.13.3
318 silly placeDep ROOT side-channel-list@1.0.0 OK for: side-channel@1.1.0 want: ^1.0.0
319 silly placeDep ROOT side-channel-map@1.0.1 OK for: side-channel@1.1.0 want: ^1.0.1
320 silly placeDep ROOT side-channel-weakmap@1.0.2 OK for: side-channel@1.1.0 want: ^1.0.2
321 silly fetch manifest call-bound@^1.0.2
322 silly packumentCache full:https://registry.npmjs.org/call-bound cache-miss
323 silly fetch manifest get-intrinsic@^1.2.5
324 silly packumentCache full:https://registry.npmjs.org/get-intrinsic cache-miss
325 silly fetch manifest call-bound@^1.0.2
326 silly packumentCache full:https://registry.npmjs.org/call-bound cache-miss
327 silly fetch manifest get-intrinsic@^1.2.5
328 silly packumentCache full:https://registry.npmjs.org/get-intrinsic cache-miss
329 http fetch GET 200 https://registry.npmjs.org/call-bound 44ms (cache miss)
330 silly packumentCache full:https://registry.npmjs.org/call-bound set size:undefined disposed:false
331 http fetch GET 200 https://registry.npmjs.org/get-intrinsic 59ms (cache miss)
332 silly packumentCache full:https://registry.npmjs.org/get-intrinsic set size:undefined disposed:false
333 http fetch GET 200 https://registry.npmjs.org/call-bound 61ms (cache miss)
334 silly packumentCache full:https://registry.npmjs.org/call-bound set size:undefined disposed:false
335 http fetch GET 200 https://registry.npmjs.org/get-intrinsic 62ms (cache miss)
336 silly packumentCache full:https://registry.npmjs.org/get-intrinsic set size:undefined disposed:false
337 silly placeDep ROOT call-bound@1.0.4 OK for: side-channel-map@1.0.1 want: ^1.0.2
338 silly placeDep ROOT get-intrinsic@1.3.0 OK for: side-channel-map@1.0.1 want: ^1.2.5
339 silly fetch manifest call-bind-apply-helpers@^1.0.2
340 silly packumentCache full:https://registry.npmjs.org/call-bind-apply-helpers cache-miss
341 silly fetch manifest get-intrinsic@^1.3.0
342 silly packumentCache full:https://registry.npmjs.org/get-intrinsic cache-miss
343 silly fetch manifest gopd@^1.2.0
344 silly packumentCache full:https://registry.npmjs.org/gopd cache-miss
345 silly fetch manifest hasown@^2.0.2
346 silly packumentCache full:https://registry.npmjs.org/hasown cache-miss
347 silly fetch manifest get-proto@^1.0.1
348 silly packumentCache full:https://registry.npmjs.org/get-proto cache-miss
349 silly fetch manifest has-symbols@^1.1.0
350 silly packumentCache full:https://registry.npmjs.org/has-symbols cache-miss
351 silly fetch manifest function-bind@^1.1.2
352 silly packumentCache full:https://registry.npmjs.org/function-bind cache-miss
353 silly fetch manifest es-object-atoms@^1.1.1
354 silly packumentCache full:https://registry.npmjs.org/es-object-atoms cache-miss
355 silly fetch manifest math-intrinsics@^1.1.0
356 silly packumentCache full:https://registry.npmjs.org/math-intrinsics cache-miss
357 http fetch GET 200 https://registry.npmjs.org/get-intrinsic 7ms (cache hit)
358 silly packumentCache full:https://registry.npmjs.org/get-intrinsic set size:60985 disposed:false
359 silly fetch manifest es-define-property@^1.0.1
360 silly packumentCache full:https://registry.npmjs.org/es-define-property cache-miss
361 http fetch GET 200 https://registry.npmjs.org/hasown 46ms (cache miss)
362 silly packumentCache full:https://registry.npmjs.org/hasown set size:undefined disposed:false
363 silly fetch manifest call-bind-apply-helpers@^1.0.2
364 silly packumentCache full:https://registry.npmjs.org/call-bind-apply-helpers cache-miss
365 http fetch GET 200 https://registry.npmjs.org/es-object-atoms 53ms (cache miss)
366 silly packumentCache full:https://registry.npmjs.org/es-object-atoms set size:undefined disposed:false
367 http fetch GET 200 https://registry.npmjs.org/function-bind 54ms (cache miss)
368 silly packumentCache full:https://registry.npmjs.org/function-bind set size:undefined disposed:false
369 http fetch GET 200 https://registry.npmjs.org/get-proto 55ms (cache miss)
370 silly packumentCache full:https://registry.npmjs.org/get-proto set size:undefined disposed:false
371 http fetch GET 200 https://registry.npmjs.org/gopd 57ms (cache miss)
372 silly packumentCache full:https://registry.npmjs.org/gopd set size:undefined disposed:false
373 http fetch GET 200 https://registry.npmjs.org/call-bind-apply-helpers 57ms (cache miss)
374 silly packumentCache full:https://registry.npmjs.org/call-bind-apply-helpers set size:undefined disposed:false
375 http fetch GET 200 https://registry.npmjs.org/has-symbols 62ms (cache miss)
376 silly packumentCache full:https://registry.npmjs.org/has-symbols set size:undefined disposed:false
377 http fetch GET 200 https://registry.npmjs.org/es-define-property 56ms (cache miss)
378 silly packumentCache full:https://registry.npmjs.org/es-define-property set size:undefined disposed:false
379 http fetch GET 200 https://registry.npmjs.org/call-bind-apply-helpers 76ms (cache miss)
380 silly packumentCache full:https://registry.npmjs.org/call-bind-apply-helpers set size:undefined disposed:false
381 http fetch GET 200 https://registry.npmjs.org/math-intrinsics 122ms (cache miss)
382 silly packumentCache full:https://registry.npmjs.org/math-intrinsics set size:undefined disposed:false
383 silly placeDep ROOT call-bind-apply-helpers@1.0.2 OK for: call-bound@1.0.4 want: ^1.0.2
384 silly placeDep ROOT function-bind@1.1.2 OK for: call-bind-apply-helpers@1.0.2 want: ^1.1.2
385 silly placeDep ROOT es-define-property@1.0.1 OK for: get-intrinsic@1.3.0 want: ^1.0.1
386 silly placeDep ROOT es-object-atoms@1.1.1 OK for: get-intrinsic@1.3.0 want: ^1.1.1
387 silly placeDep ROOT get-proto@1.0.1 OK for: get-intrinsic@1.3.0 want: ^1.0.1
388 silly placeDep ROOT gopd@1.2.0 OK for: get-intrinsic@1.3.0 want: ^1.2.0
389 silly placeDep ROOT has-symbols@1.1.0 OK for: get-intrinsic@1.3.0 want: ^1.1.0
390 silly placeDep ROOT hasown@2.0.2 OK for: get-intrinsic@1.3.0 want: ^2.0.2
391 silly placeDep ROOT math-intrinsics@1.1.0 OK for: get-intrinsic@1.3.0 want: ^1.1.0
392 silly fetch manifest dunder-proto@^1.0.1
393 silly packumentCache full:https://registry.npmjs.org/dunder-proto cache-miss
394 http fetch GET 200 https://registry.npmjs.org/dunder-proto 53ms (cache miss)
395 silly packumentCache full:https://registry.npmjs.org/dunder-proto set size:undefined disposed:false
396 silly placeDep ROOT dunder-proto@1.0.1 OK for: get-proto@1.0.1 want: ^1.0.1
397 silly placeDep ROOT media-typer@0.3.0 OK for: type-is@1.6.18 want: 0.3.0
398 silly reify moves {}
399 silly audit bulk request {
399 silly audit   express: [ '4.22.1' ],
399 silly audit   accepts: [ '1.3.8' ],
399 silly audit   'array-flatten': [ '1.1.1' ],
399 silly audit   'body-parser': [ '1.20.4' ],
399 silly audit   'content-disposition': [ '0.5.4' ],
399 silly audit   'content-type': [ '1.0.5' ],
399 silly audit   cookie: [ '0.7.2' ],
399 silly audit   'cookie-signature': [ '1.0.7' ],
399 silly audit   debug: [ '2.6.9' ],
399 silly audit   depd: [ '2.0.0' ],
399 silly audit   encodeurl: [ '2.0.0' ],
399 silly audit   'escape-html': [ '1.0.3' ],
399 silly audit   etag: [ '1.8.1' ],
399 silly audit   finalhandler: [ '1.3.2' ],
399 silly audit   fresh: [ '0.5.2' ],
399 silly audit   'http-errors': [ '2.0.1' ],
399 silly audit   'merge-descriptors': [ '1.0.3' ],
399 silly audit   methods: [ '1.1.2' ],
399 silly audit   'on-finished': [ '2.4.1' ],
399 silly audit   parseurl: [ '1.3.3' ],
399 silly audit   'path-to-regexp': [ '0.1.13' ],
399 silly audit   'proxy-addr': [ '2.0.7' ],
399 silly audit   qs: [ '6.14.2' ],
399 silly audit   'range-parser': [ '1.2.1' ],
399 silly audit   'safe-buffer': [ '5.2.1' ],
399 silly audit   send: [ '0.19.2' ],
399 silly audit   'serve-static': [ '1.16.3' ],
399 silly audit   setprototypeof: [ '1.2.0' ],
399 silly audit   statuses: [ '2.0.2' ],
399 silly audit   'type-is': [ '1.6.18' ],
399 silly audit   'utils-merge': [ '1.0.1' ],
399 silly audit   vary: [ '1.1.2' ],
399 silly audit   'mime-types': [ '2.1.35' ],
399 silly audit   negotiator: [ '0.6.3' ],
399 silly audit   bytes: [ '3.1.2' ],
399 silly audit   destroy: [ '1.2.0' ],
399 silly audit   'iconv-lite': [ '0.4.24' ],
399 silly audit   'raw-body': [ '2.5.3' ],
399 silly audit   unpipe: [ '1.0.0' ],
399 silly audit   ms: [ '2.0.0', '2.1.3' ],
399 silly audit   inherits: [ '2.0.4' ],
399 silly audit   toidentifier: [ '1.0.1' ],
399 silly audit   'safer-buffer': [ '2.1.2' ],
399 silly audit   'mime-db': [ '1.52.0' ],
399 silly audit   'ee-first': [ '1.1.1' ],
399 silly audit   forwarded: [ '0.2.0' ],
399 silly audit   'ipaddr.js': [ '1.9.1' ],
399 silly audit   'side-channel': [ '1.1.0' ],
399 silly audit   mime: [ '1.6.0' ],
399 silly audit   'es-errors': [ '1.3.0' ],
399 silly audit   'object-inspect': [ '1.13.4' ],
399 silly audit   'side-channel-list': [ '1.0.0' ],
399 silly audit   'side-channel-map': [ '1.0.1' ],
399 silly audit   'side-channel-weakmap': [ '1.0.2' ],
399 silly audit   'call-bound': [ '1.0.4' ],
399 silly audit   'get-intrinsic': [ '1.3.0' ],
399 silly audit   'call-bind-apply-helpers': [ '1.0.2' ],
399 silly audit   'function-bind': [ '1.1.2' ],
399 silly audit   'es-define-property': [ '1.0.1' ],
399 silly audit   'es-object-atoms': [ '1.1.1' ],
399 silly audit   'get-proto': [ '1.0.1' ],
399 silly audit   gopd: [ '1.2.0' ],
399 silly audit   'has-symbols': [ '1.1.0' ],
399 silly audit   hasown: [ '2.0.2' ],
399 silly audit   'math-intrinsics': [ '1.1.0' ],
399 silly audit   'dunder-proto': [ '1.0.1' ],
399 silly audit   'media-typer': [ '0.3.0' ]
399 silly audit }
400 silly tarball no local data for math-intrinsics@https://registry.npmjs.org/math-intrinsics/-/math-intrinsics-1.1.0.tgz. Extracting by manifest.
401 silly tarball no local data for dunder-proto@https://registry.npmjs.org/dunder-proto/-/dunder-proto-1.0.1.tgz. Extracting by manifest.
402 silly tarball no local data for has-symbols@https://registry.npmjs.org/has-symbols/-/has-symbols-1.1.0.tgz. Extracting by manifest.
403 silly tarball no local data for hasown@https://registry.npmjs.org/hasown/-/hasown-2.0.2.tgz. Extracting by manifest.
404 silly tarball no local data for get-proto@https://registry.npmjs.org/get-proto/-/get-proto-1.0.1.tgz. Extracting by manifest.
405 silly tarball no local data for es-object-atoms@https://registry.npmjs.org/es-object-atoms/-/es-object-atoms-1.1.1.tgz. Extracting by manifest.
406 silly tarball no local data for es-define-property@https://registry.npmjs.org/es-define-property/-/es-define-property-1.0.1.tgz. Extracting by manifest.
407 silly tarball no local data for function-bind@https://registry.npmjs.org/function-bind/-/function-bind-1.1.2.tgz. Extracting by manifest.
408 silly tarball no local data for call-bind-apply-helpers@https://registry.npmjs.org/call-bind-apply-helpers/-/call-bind-apply-helpers-1.0.2.tgz. Extracting by manifest.
409 silly tarball no local data for get-intrinsic@https://registry.npmjs.org/get-intrinsic/-/get-intrinsic-1.3.0.tgz. Extracting by manifest.
410 silly tarball no local data for call-bound@https://registry.npmjs.org/call-bound/-/call-bound-1.0.4.tgz. Extracting by manifest.
411 silly tarball no local data for side-channel-map@https://registry.npmjs.org/side-channel-map/-/side-channel-map-1.0.1.tgz. Extracting by manifest.
412 silly tarball no local data for object-inspect@https://registry.npmjs.org/object-inspect/-/object-inspect-1.13.4.tgz. Extracting by manifest.
413 silly tarball no local data for side-channel-list@https://registry.npmjs.org/side-channel-list/-/side-channel-list-1.0.0.tgz. Extracting by manifest.
414 silly tarball no local data for es-errors@https://registry.npmjs.org/es-errors/-/es-errors-1.3.0.tgz. Extracting by manifest.
415 silly tarball no local data for side-channel-weakmap@https://registry.npmjs.org/side-channel-weakmap/-/side-channel-weakmap-1.0.2.tgz. Extracting by manifest.
416 silly tarball no local data for side-channel@https://registry.npmjs.org/side-channel/-/side-channel-1.1.0.tgz. Extracting by manifest.
417 silly tarball no local data for ipaddr.js@https://registry.npmjs.org/ipaddr.js/-/ipaddr.js-1.9.1.tgz. Extracting by manifest.
418 silly tarball no local data for forwarded@https://registry.npmjs.org/forwarded/-/forwarded-0.2.0.tgz. Extracting by manifest.
419 silly tarball no local data for ee-first@https://registry.npmjs.org/ee-first/-/ee-first-1.1.1.tgz. Extracting by manifest.
420 silly tarball no local data for mime@https://registry.npmjs.org/mime/-/mime-1.6.0.tgz. Extracting by manifest.
421 silly tarball no local data for mime-db@https://registry.npmjs.org/mime-db/-/mime-db-1.52.0.tgz. Extracting by manifest.
422 silly tarball no local data for toidentifier@https://registry.npmjs.org/toidentifier/-/toidentifier-1.0.1.tgz. Extracting by manifest.
423 silly tarball no local data for inherits@https://registry.npmjs.org/inherits/-/inherits-2.0.4.tgz. Extracting by manifest.
424 silly tarball no local data for safer-buffer@https://registry.npmjs.org/safer-buffer/-/safer-buffer-2.1.2.tgz. Extracting by manifest.
425 silly tarball no local data for ms@https://registry.npmjs.org/ms/-/ms-2.0.0.tgz. Extracting by manifest.
426 silly tarball no local data for unpipe@https://registry.npmjs.org/unpipe/-/unpipe-1.0.0.tgz. Extracting by manifest.
427 silly tarball no local data for media-typer@https://registry.npmjs.org/media-typer/-/media-typer-0.3.0.tgz. Extracting by manifest.
428 silly tarball no local data for raw-body@https://registry.npmjs.org/raw-body/-/raw-body-2.5.3.tgz. Extracting by manifest.
429 silly tarball no local data for negotiator@https://registry.npmjs.org/negotiator/-/negotiator-0.6.3.tgz. Extracting by manifest.
430 silly tarball no local data for mime-types@https://registry.npmjs.org/mime-types/-/mime-types-2.1.35.tgz. Extracting by manifest.
431 silly tarball no local data for utils-merge@https://registry.npmjs.org/utils-merge/-/utils-merge-1.0.1.tgz. Extracting by manifest.
432 silly tarball no local data for type-is@https://registry.npmjs.org/type-is/-/type-is-1.6.18.tgz. Extracting by manifest.
433 silly tarball no local data for statuses@https://registry.npmjs.org/statuses/-/statuses-2.0.2.tgz. Extracting by manifest.
434 silly tarball no local data for setprototypeof@https://registry.npmjs.org/setprototypeof/-/setprototypeof-1.2.0.tgz. Extracting by manifest.
435 silly tarball no local data for bytes@https://registry.npmjs.org/bytes/-/bytes-3.1.2.tgz. Extracting by manifest.
436 silly tarball no local data for serve-static@https://registry.npmjs.org/serve-static/-/serve-static-1.16.3.tgz. Extracting by manifest.
437 silly tarball no local data for send@https://registry.npmjs.org/send/-/send-0.19.2.tgz. Extracting by manifest.
438 silly tarball no local data for safe-buffer@https://registry.npmjs.org/safe-buffer/-/safe-buffer-5.2.1.tgz. Extracting by manifest.
439 silly tarball no local data for destroy@https://registry.npmjs.org/destroy/-/destroy-1.2.0.tgz. Extracting by manifest.
440 silly tarball no local data for range-parser@https://registry.npmjs.org/range-parser/-/range-parser-1.2.1.tgz. Extracting by manifest.
441 silly tarball no local data for vary@https://registry.npmjs.org/vary/-/vary-1.1.2.tgz. Extracting by manifest.
442 silly tarball no local data for qs@https://registry.npmjs.org/qs/-/qs-6.14.2.tgz. Extracting by manifest.
443 silly tarball no local data for path-to-regexp@https://registry.npmjs.org/path-to-regexp/-/path-to-regexp-0.1.13.tgz. Extracting by manifest.
444 silly tarball no local data for parseurl@https://registry.npmjs.org/parseurl/-/parseurl-1.3.3.tgz. Extracting by manifest.
445 silly tarball no local data for proxy-addr@https://registry.npmjs.org/proxy-addr/-/proxy-addr-2.0.7.tgz. Extracting by manifest.
446 silly tarball no local data for methods@https://registry.npmjs.org/methods/-/methods-1.1.2.tgz. Extracting by manifest.
447 silly tarball no local data for http-errors@https://registry.npmjs.org/http-errors/-/http-errors-2.0.1.tgz. Extracting by manifest.
448 silly tarball no local data for merge-descriptors@https://registry.npmjs.org/merge-descriptors/-/merge-descriptors-1.0.3.tgz. Extracting by manifest.
449 silly tarball no local data for on-finished@https://registry.npmjs.org/on-finished/-/on-finished-2.4.1.tgz. Extracting by manifest.
450 silly tarball no local data for fresh@https://registry.npmjs.org/fresh/-/fresh-0.5.2.tgz. Extracting by manifest.
451 silly tarball no local data for finalhandler@https://registry.npmjs.org/finalhandler/-/finalhandler-1.3.2.tgz. Extracting by manifest.
452 silly tarball no local data for etag@https://registry.npmjs.org/etag/-/etag-1.8.1.tgz. Extracting by manifest.
453 silly tarball no local data for escape-html@https://registry.npmjs.org/escape-html/-/escape-html-1.0.3.tgz. Extracting by manifest.
454 silly tarball no local data for cookie-signature@https://registry.npmjs.org/cookie-signature/-/cookie-signature-1.0.7.tgz. Extracting by manifest.
455 silly tarball no local data for depd@https://registry.npmjs.org/depd/-/depd-2.0.0.tgz. Extracting by manifest.
456 silly tarball no local data for cookie@https://registry.npmjs.org/cookie/-/cookie-0.7.2.tgz. Extracting by manifest.
457 silly tarball no local data for debug@https://registry.npmjs.org/debug/-/debug-2.6.9.tgz. Extracting by manifest.
458 silly tarball no local data for content-disposition@https://registry.npmjs.org/content-disposition/-/content-disposition-0.5.4.tgz. Extracting by manifest.
459 silly tarball no local data for array-flatten@https://registry.npmjs.org/array-flatten/-/array-flatten-1.1.1.tgz. Extracting by manifest.
460 silly tarball no local data for express@https://registry.npmjs.org/express/-/express-4.22.1.tgz. Extracting by manifest.
461 silly tarball no local data for encodeurl@https://registry.npmjs.org/encodeurl/-/encodeurl-2.0.0.tgz. Extracting by manifest.
462 silly tarball no local data for content-type@https://registry.npmjs.org/content-type/-/content-type-1.0.5.tgz. Extracting by manifest.
463 silly tarball no local data for gopd@https://registry.npmjs.org/gopd/-/gopd-1.2.0.tgz. Extracting by manifest.
464 silly tarball no local data for ms@https://registry.npmjs.org/ms/-/ms-2.1.3.tgz. Extracting by manifest.
465 silly tarball no local data for body-parser@https://registry.npmjs.org/body-parser/-/body-parser-1.20.4.tgz. Extracting by manifest.
466 silly tarball no local data for accepts@https://registry.npmjs.org/accepts/-/accepts-1.3.8.tgz. Extracting by manifest.
467 silly tarball no local data for iconv-lite@https://registry.npmjs.org/iconv-lite/-/iconv-lite-0.4.24.tgz. Extracting by manifest.
468 http fetch GET 200 https://registry.npmjs.org/es-object-atoms/-/es-object-atoms-1.1.1.tgz 106ms (cache miss)
469 http fetch GET 200 https://registry.npmjs.org/hasown/-/hasown-2.0.2.tgz 108ms (cache miss)
470 http fetch GET 200 https://registry.npmjs.org/es-define-property/-/es-define-property-1.0.1.tgz 107ms (cache miss)
471 http fetch GET 200 https://registry.npmjs.org/function-bind/-/function-bind-1.1.2.tgz 107ms (cache miss)
472 http fetch GET 200 https://registry.npmjs.org/get-proto/-/get-proto-1.0.1.tgz 109ms (cache miss)
473 http fetch GET 200 https://registry.npmjs.org/dunder-proto/-/dunder-proto-1.0.1.tgz 112ms (cache miss)
474 http fetch GET 200 https://registry.npmjs.org/has-symbols/-/has-symbols-1.1.0.tgz 112ms (cache miss)
475 http fetch GET 200 https://registry.npmjs.org/math-intrinsics/-/math-intrinsics-1.1.0.tgz 118ms (cache miss)
476 http fetch GET 200 https://registry.npmjs.org/side-channel-weakmap/-/side-channel-weakmap-1.0.2.tgz 158ms (cache miss)
477 http fetch GET 200 https://registry.npmjs.org/ipaddr.js/-/ipaddr.js-1.9.1.tgz 158ms (cache miss)
478 http fetch GET 200 https://registry.npmjs.org/side-channel/-/side-channel-1.1.0.tgz 158ms (cache miss)
479 http fetch GET 200 https://registry.npmjs.org/es-errors/-/es-errors-1.3.0.tgz 162ms (cache miss)
480 http fetch GET 200 https://registry.npmjs.org/mime/-/mime-1.6.0.tgz 163ms (cache miss)
481 http fetch GET 200 https://registry.npmjs.org/forwarded/-/forwarded-0.2.0.tgz 164ms (cache miss)
482 http fetch GET 200 https://registry.npmjs.org/ee-first/-/ee-first-1.1.1.tgz 163ms (cache miss)
483 http fetch GET 200 https://registry.npmjs.org/mime-db/-/mime-db-1.52.0.tgz 164ms (cache miss)
484 http fetch GET 200 https://registry.npmjs.org/toidentifier/-/toidentifier-1.0.1.tgz 197ms (cache miss)
485 http fetch GET 200 https://registry.npmjs.org/inherits/-/inherits-2.0.4.tgz 199ms (cache miss)
486 http fetch GET 200 https://registry.npmjs.org/safer-buffer/-/safer-buffer-2.1.2.tgz 199ms (cache miss)
487 http fetch GET 200 https://registry.npmjs.org/call-bound/-/call-bound-1.0.4.tgz 206ms (cache miss)
488 http fetch POST 200 https://registry.npmjs.org/-/npm/v1/security/advisories/bulk 247ms
489 silly audit report {}
490 http fetch GET 200 https://registry.npmjs.org/get-intrinsic/-/get-intrinsic-1.3.0.tgz 221ms (cache miss)
491 http fetch GET 200 https://registry.npmjs.org/unpipe/-/unpipe-1.0.0.tgz 214ms (cache miss)
492 http fetch GET 200 https://registry.npmjs.org/ms/-/ms-2.0.0.tgz 214ms (cache miss)
493 http fetch GET 200 https://registry.npmjs.org/side-channel-list/-/side-channel-list-1.0.0.tgz 222ms (cache miss)
494 http fetch GET 200 https://registry.npmjs.org/call-bind-apply-helpers/-/call-bind-apply-helpers-1.0.2.tgz 224ms (cache miss)
495 http fetch GET 200 https://registry.npmjs.org/media-typer/-/media-typer-0.3.0.tgz 231ms (cache miss)
496 http fetch GET 200 https://registry.npmjs.org/negotiator/-/negotiator-0.6.3.tgz 233ms (cache miss)
497 http fetch GET 200 https://registry.npmjs.org/raw-body/-/raw-body-2.5.3.tgz 233ms (cache miss)
498 http fetch GET 200 https://registry.npmjs.org/mime-types/-/mime-types-2.1.35.tgz 234ms (cache miss)
499 http fetch GET 200 https://registry.npmjs.org/utils-merge/-/utils-merge-1.0.1.tgz 257ms (cache miss)
500 http fetch GET 200 https://registry.npmjs.org/setprototypeof/-/setprototypeof-1.2.0.tgz 257ms (cache miss)
501 http fetch GET 200 https://registry.npmjs.org/type-is/-/type-is-1.6.18.tgz 258ms (cache miss)
502 http fetch GET 200 https://registry.npmjs.org/statuses/-/statuses-2.0.2.tgz 258ms (cache miss)
503 http fetch GET 200 https://registry.npmjs.org/send/-/send-0.19.2.tgz 258ms (cache miss)
504 http fetch GET 200 https://registry.npmjs.org/bytes/-/bytes-3.1.2.tgz 258ms (cache miss)
505 http fetch GET 200 https://registry.npmjs.org/serve-static/-/serve-static-1.16.3.tgz 259ms (cache miss)
506 http fetch GET 200 https://registry.npmjs.org/safe-buffer/-/safe-buffer-5.2.1.tgz 258ms (cache miss)
507 http fetch GET 200 https://registry.npmjs.org/destroy/-/destroy-1.2.0.tgz 271ms (cache miss)
508 http fetch GET 200 https://registry.npmjs.org/path-to-regexp/-/path-to-regexp-0.1.13.tgz 270ms (cache miss)
509 http fetch GET 200 https://registry.npmjs.org/range-parser/-/range-parser-1.2.1.tgz 271ms (cache miss)
510 http fetch GET 200 https://registry.npmjs.org/vary/-/vary-1.1.2.tgz 285ms (cache miss)
511 http fetch GET 200 https://registry.npmjs.org/parseurl/-/parseurl-1.3.3.tgz 291ms (cache miss)
512 http fetch GET 200 https://registry.npmjs.org/proxy-addr/-/proxy-addr-2.0.7.tgz 317ms (cache miss)
513 http fetch GET 200 https://registry.npmjs.org/merge-descriptors/-/merge-descriptors-1.0.3.tgz 316ms (cache miss)
514 http fetch GET 200 https://registry.npmjs.org/on-finished/-/on-finished-2.4.1.tgz 316ms (cache miss)
515 http fetch GET 200 https://registry.npmjs.org/methods/-/methods-1.1.2.tgz 320ms (cache miss)
516 http fetch GET 200 https://registry.npmjs.org/fresh/-/fresh-0.5.2.tgz 320ms (cache miss)
517 http fetch GET 200 https://registry.npmjs.org/qs/-/qs-6.14.2.tgz 324ms (cache miss)
518 http fetch GET 200 https://registry.npmjs.org/http-errors/-/http-errors-2.0.1.tgz 325ms (cache miss)
519 http fetch GET 200 https://registry.npmjs.org/cookie-signature/-/cookie-signature-1.0.7.tgz 329ms (cache miss)
520 http fetch GET 200 https://registry.npmjs.org/escape-html/-/escape-html-1.0.3.tgz 329ms (cache miss)
521 http fetch GET 200 https://registry.npmjs.org/finalhandler/-/finalhandler-1.3.2.tgz 333ms (cache miss)
522 http fetch GET 200 https://registry.npmjs.org/etag/-/etag-1.8.1.tgz 331ms (cache miss)
523 http fetch GET 200 https://registry.npmjs.org/depd/-/depd-2.0.0.tgz 362ms (cache miss)
524 http fetch GET 200 https://registry.npmjs.org/cookie/-/cookie-0.7.2.tgz 362ms (cache miss)
525 http fetch GET 200 https://registry.npmjs.org/encodeurl/-/encodeurl-2.0.0.tgz 360ms (cache miss)
526 http fetch GET 200 https://registry.npmjs.org/array-flatten/-/array-flatten-1.1.1.tgz 365ms (cache miss)
527 http fetch GET 200 https://registry.npmjs.org/gopd/-/gopd-1.2.0.tgz 366ms (cache miss)
528 http fetch GET 200 https://registry.npmjs.org/content-disposition/-/content-disposition-0.5.4.tgz 372ms (cache miss)
529 http fetch GET 200 https://registry.npmjs.org/content-type/-/content-type-1.0.5.tgz 376ms (cache miss)
530 http fetch GET 200 https://registry.npmjs.org/debug/-/debug-2.6.9.tgz 387ms (cache miss)
531 http fetch GET 200 https://registry.npmjs.org/body-parser/-/body-parser-1.20.4.tgz 404ms (cache miss)
532 http fetch GET 200 https://registry.npmjs.org/accepts/-/accepts-1.3.8.tgz 405ms (cache miss)
533 http fetch GET 200 https://registry.npmjs.org/ms/-/ms-2.1.3.tgz 409ms (cache miss)
534 http fetch GET 200 https://registry.npmjs.org/express/-/express-4.22.1.tgz 418ms (cache miss)
535 http fetch GET 200 https://registry.npmjs.org/iconv-lite/-/iconv-lite-0.4.24.tgz 423ms (cache miss)
536 http fetch GET https://registry.npmjs.org/side-channel-map/-/side-channel-map-1.0.1.tgz attempt 1 failed with ECONNRESET
537 http fetch GET 200 https://registry.npmjs.org/side-channel-map/-/side-channel-map-1.0.1.tgz 31801ms attempt #2 (cache miss)
538 http fetch GET https://registry.npmjs.org/object-inspect/-/object-inspect-1.13.4.tgz attempt 1 failed with ECONNRESET
539 http fetch GET 200 https://registry.npmjs.org/object-inspect/-/object-inspect-1.13.4.tgz 45677ms attempt #2 (cache miss)
540 silly ADD node_modules/media-typer
541 silly ADD node_modules/dunder-proto
542 silly ADD node_modules/math-intrinsics
543 silly ADD node_modules/hasown
544 silly ADD node_modules/has-symbols
545 silly ADD node_modules/gopd
546 silly ADD node_modules/get-proto
547 silly ADD node_modules/es-object-atoms
548 silly ADD node_modules/es-define-property
549 silly ADD node_modules/function-bind
550 silly ADD node_modules/call-bind-apply-helpers
551 silly ADD node_modules/get-intrinsic
552 silly ADD node_modules/call-bound
553 silly ADD node_modules/side-channel-weakmap
554 silly ADD node_modules/side-channel-map
555 silly ADD node_modules/side-channel-list
556 silly ADD node_modules/object-inspect
557 silly ADD node_modules/es-errors
558 silly ADD node_modules/mime
559 silly ADD node_modules/side-channel
560 silly ADD node_modules/ipaddr.js
561 silly ADD node_modules/forwarded
562 silly ADD node_modules/ee-first
563 silly ADD node_modules/mime-db
564 silly ADD node_modules/safer-buffer
565 silly ADD node_modules/toidentifier
566 silly ADD node_modules/inherits
567 silly ADD node_modules/ms
568 silly ADD node_modules/unpipe
569 silly ADD node_modules/raw-body
570 silly ADD node_modules/iconv-lite
571 silly ADD node_modules/destroy
572 silly ADD node_modules/bytes
573 silly ADD node_modules/negotiator
574 silly ADD node_modules/mime-types
575 silly ADD node_modules/vary
576 silly ADD node_modules/utils-merge
577 silly ADD node_modules/type-is
578 silly ADD node_modules/statuses
579 silly ADD node_modules/setprototypeof
580 silly ADD node_modules/serve-static
581 silly ADD node_modules/send
582 silly ADD node_modules/send/node_modules/ms
583 silly ADD node_modules/safe-buffer
584 silly ADD node_modules/range-parser
585 silly ADD node_modules/qs
586 silly ADD node_modules/proxy-addr
587 silly ADD node_modules/path-to-regexp
588 silly ADD node_modules/parseurl
589 silly ADD node_modules/on-finished
590 silly ADD node_modules/methods
591 silly ADD node_modules/merge-descriptors
592 silly ADD node_modules/http-errors
593 silly ADD node_modules/fresh
594 silly ADD node_modules/finalhandler
595 silly ADD node_modules/etag
596 silly ADD node_modules/escape-html
597 silly ADD node_modules/encodeurl
598 silly ADD node_modules/depd
599 silly ADD node_modules/debug
600 silly ADD node_modules/cookie-signature
601 silly ADD node_modules/cookie
602 silly ADD node_modules/content-type
603 silly ADD node_modules/content-disposition
604 silly ADD node_modules/body-parser
605 silly ADD node_modules/array-flatten
606 silly ADD node_modules/accepts
607 silly ADD node_modules/express
608 verbose cwd /Users/mac/Cursor/AI/Tools/Research/Kiem-tra-dao-van/backend
609 verbose os Darwin 24.6.0
610 verbose node v20.20.0
611 verbose npm  v10.8.2
612 verbose exit 0
613 info ok
